###############################################################################
#
# IAR ELF Linker V3.11.1.207 for STM8                     15/Jan/2020  15:16:17
# Copyright 2010-2019 IAR Systems AB.
#
#    Output file  =  
#        C:\Users\16282\Desktop\STM8_DEMO\STM8_DS18B20_001\Debug\Exe\STM_DS18B20.out
#    Map file     =  
#        C:\Users\16282\Desktop\STM8_DEMO\STM8_DS18B20_001\Debug\List\STM_DS18B20.map
#    Command line =  
#        -f C:\Users\16282\AppData\Local\Temp\EWC917.tmp
#        (C:\Users\16282\Desktop\STM8_DEMO\STM8_DS18B20_001\Debug\Obj\DS18B20.o
#        C:\Users\16282\Desktop\STM8_DEMO\STM8_DS18B20_001\Debug\Obj\iic.o
#        C:\Users\16282\Desktop\STM8_DEMO\STM8_DS18B20_001\Debug\Obj\main.o
#        C:\Users\16282\Desktop\STM8_DEMO\STM8_DS18B20_001\Debug\Obj\OLED12864.o
#        C:\Users\16282\Desktop\STM8_DEMO\STM8_DS18B20_001\Debug\Obj\stm_init.o
#        C:\Users\16282\Desktop\STM8_DEMO\STM8_DS18B20_001\Debug\Obj\TIM4.o
#        C:\Users\16282\Desktop\STM8_DEMO\STM8_DS18B20_001\Debug\Obj\uart1.o
#        C:\Users\16282\Desktop\STM8_DEMO\STM8_DS18B20_001\Debug\Obj\W25Q64.o
#        --redirect _Printf=_PrintfFullNoMb --redirect _Scanf=_ScanfFullNoMb
#        --no_out_extension -o
#        C:\Users\16282\Desktop\STM8_DEMO\STM8_DS18B20_001\Debug\Exe\STM_DS18B20.out
#        --map
#        C:\Users\16282\Desktop\STM8_DEMO\STM8_DS18B20_001\Debug\List\STM_DS18B20.map
#        --config "C:\Program Files (x86)\IAR Systems\Embedded Workbench
#        8.3\stm8\config\lnkstm8s208mb.icf" --config_def _CSTACK_SIZE=0x100
#        --config_def _HEAP_SIZE=0x100 --entry __iar_program_start --debug_lib)
#
###############################################################################

*******************************************************************************
*** RUNTIME MODEL ATTRIBUTES
***

__SystemLibrary            = DLib
__code_model               = small
__core                     = stm8
__data_model               = medium
__dlib_file_descriptor     = 0
__dlib_full_locale_support = 0
__rt_version               = 4


*******************************************************************************
*** PLACEMENT SUMMARY
***

"A0":  place at start of [0x000000-0x0000ff] { rw section .vregs };
"A1":  place at end of [0x000000-0x0017ff] { block CSTACK };
"P2":  place in [from 0x000000 to 0x0017ff] {
          block HEAP, rw section __DLIB_PERTHREAD, rw section .far.bss,
          rw section .far.data, rw section .far.noinit,
          rw section .far_func.textrw, rw section .huge.bss,
          rw section .huge.data, rw section .huge.noinit,
          rw section .huge_func.textrw, rw section .iar.dynexit,
          rw section .near.bss, rw section .near.data, rw section .near.noinit,
          rw section .near_func.textrw };
"A2":  place at start of [0x008000-0x00ffff] { block INTVEC };
"P3":  place in [from 0x008000 to 0x00ffff] {
          ro section __DLIB_PERTHREAD_init, ro section .far.data_init,
          ro section .far_func.textrw_init, ro section .huge.data_init,
          ro section .huge_func.textrw_init, ro section .iar.init_table,
          ro section .init_array, ro section .near.data_init,
          ro section .near.rodata, ro section .near_func.text,
          ro section .near_func.textrw_init, ro section .tiny.data_init,
          ro section .tiny.rodata_init };
do not initialize {
   rw section .eeprom.noinit, rw section .far.noinit, rw section .huge.noinit,
   rw section .near.noinit, rw section .tiny.noinit, rw section .vregs };
initialize by copy {
   rw section .far.bss, rw section .far.data, rw section .far_func.textrw,
   rw section .huge.bss, rw section .huge.data, rw section .huge_func.textrw,
   rw section .iar.dynexit, rw section .near.bss, rw section .near.data,
   rw section .near_func.textrw, rw section .tiny.bss, rw section .tiny.data,
   ro section .tiny.rodata };

No sections matched the following patterns:

  ro section .far.data_init          in "P3"
  ro section .far.rodata             in "P4"
  ro section .far_func.text          in "P4"
  ro section .far_func.textrw_init   in "P3"
  ro section .huge.data_init         in "P3"
  ro section .huge.rodata            in "P5"
  ro section .huge_func.text         in "P5"
  ro section .huge_func.textrw_init  in "P3"
  ro section .iar.init_table         in "P3"
  ro section .init_array             in "P3"
  ro section .near_func.textrw_init  in "P3"
  ro section .tiny.data_init         in "P3"
  ro section .tiny.rodata_init       in "P3"
  ro section __DLIB_PERTHREAD_init   in "P3"
  rw section .far.bss                in "P2"
  rw section .far.data               in "P2"
  rw section .far.noinit             in "P2"
  rw section .far_func.textrw        in "P2"
  rw section .huge.bss               in "P2"
  rw section .huge.data              in "P2"
  rw section .huge.noinit            in "P2"
  rw section .huge_func.textrw       in "P2"
  rw section .iar.dynexit            in "P2"
  rw section .near.noinit            in "P2"
  rw section .near_func.textrw       in "P2"
  rw section .tiny.bss               in "P1"
  rw section .tiny.data              in "P1"
  rw section .tiny.noinit            in "P1"
  rw section .tiny.rodata            in "P1"
  rw section __DLIB_PERTHREAD        in "P2"
  section .eeprom.data               in "P6-P8"
  section .eeprom.noinit             in "P6-P8"
  section .eeprom.rodata             in "P6-P8"


  Section            Kind      Address    Size  Object
  -------            ----      -------    ----  ------
"A0":                                     0x10
  .vregs             uninit   0x000000    0x10  vregs.o [4]
                            - 0x000010    0x10

"P2":                                   0x122f
  P2-1                        0x000010  0x122f  <Init block>
    .near.data       inited   0x000010   0x228  main.o [1]
    .near.data       inited   0x000238   0x5f0  main.o [1]
    .near.data       inited   0x000828   0x2e0  main.o [1]
    .near.data       inited   0x000b08   0x480  main.o [1]
    .near.data       inited   0x000f88   0x280  main.o [1]
    .near.data       inited   0x001208    0x12  W25Q64.o [1]
    .near.bss        inited   0x00121a     0x2  DS18B20.o [1]
    .near.bss        inited   0x00121c     0x4  DS18B20.o [1]
    .near.bss        inited   0x001220     0x1  DS18B20.o [1]
    .near.bss        inited   0x001221     0x1  main.o [1]
    .near.bss        inited   0x001222     0x4  main.o [1]
    .near.bss        inited   0x001226     0x2  main.o [1]
    .near.bss        inited   0x001228     0x2  main.o [1]
    .near.bss        inited   0x00122a     0x4  main.o [1]
    .near.bss        inited   0x00122e    0x11  W25Q64.o [1]
                            - 0x00123f  0x122f

"A1":                                    0x100
  CSTACK                      0x001700   0x100  <Block>
    CSTACK           uninit   0x001700   0x100  <Block tail>
                            - 0x001800   0x100

Absolute sections, part 1 of 8:            0x3
  .near.noinit       uninit   0x00500c     0x1  W25Q64.o [1]
  .near.noinit       uninit   0x00500d     0x1  W25Q64.o [1]
  .near.noinit       uninit   0x00500e     0x1  W25Q64.o [1]
                            - 0x00500f     0x3

Absolute sections, part 2 of 8:            0x5
  .near.noinit       uninit   0x005014     0x1  W25Q64.o [1]
  .near.noinit       uninit   0x005015     0x1  iic.o [1]
  .near.noinit       uninit   0x005016     0x1  W25Q64.o [1]
  .near.noinit       uninit   0x005017     0x1  W25Q64.o [1]
  .near.noinit       uninit   0x005018     0x1  W25Q64.o [1]
                            - 0x005019     0x5

Absolute sections, part 3 of 8:            0x5
  .near.noinit       uninit   0x005028     0x1  DS18B20.o [1]
  .near.noinit       uninit   0x005029     0x1  DS18B20.o [1]
  .near.noinit       uninit   0x00502a     0x1  DS18B20.o [1]
  .near.noinit       uninit   0x00502b     0x1  DS18B20.o [1]
  .near.noinit       uninit   0x00502c     0x1  DS18B20.o [1]
                            - 0x00502d     0x5

Absolute sections, part 4 of 8:            0x1
  .near.noinit       uninit   0x0050c6     0x1  main.o [1]
                            - 0x0050c7     0x1

Absolute sections, part 5 of 8:            0x5
  .near.noinit       uninit   0x005200     0x1  W25Q64.o [1]
  .near.noinit       uninit   0x005201     0x1  W25Q64.o [1]
  .near.noinit       uninit   0x005202     0x1  W25Q64.o [1]
  .near.noinit       uninit   0x005203     0x1  W25Q64.o [1]
  .near.noinit       uninit   0x005204     0x1  W25Q64.o [1]
                            - 0x005205     0x5

Absolute sections, part 6 of 8:            0x7
  .near.noinit       uninit   0x005230     0x1  uart1.o [1]
  .near.noinit       uninit   0x005231     0x1  uart1.o [1]
  .near.noinit       uninit   0x005232     0x1  uart1.o [1]
  .near.noinit       uninit   0x005233     0x1  uart1.o [1]
  .near.noinit       uninit   0x005234     0x1  uart1.o [1]
  .near.noinit       uninit   0x005235     0x1  uart1.o [1]
  .near.noinit       uninit   0x005236     0x1  uart1.o [1]
                            - 0x005237     0x7

Absolute sections, part 7 of 8:            0x2
  .near.noinit       uninit   0x005340     0x1  main.o [1]
  .near.noinit       uninit   0x005341     0x1  TIM4.o [1]
                            - 0x005342     0x2

Absolute sections, part 8 of 8:            0x3
  .near.noinit       uninit   0x005344     0x1  TIM4.o [1]
  .near.noinit       uninit   0x005345     0x1  TIM4.o [1]
  .near.noinit       uninit   0x005346     0x1  TIM4.o [1]
                            - 0x005347     0x3

"A2":                                     0x80
  INTVEC                      0x008000    0x80  <Block>
    .intvec          const    0x008000    0x80  interrupt.o [4]
                            - 0x008080    0x80

"P3":                                   0x4578
  Initializer bytes  const    0x008080  0x122f  <for P2-1>
  .near_func.text    ro code  0x0092af   0x991  OLED12864.o [1]
  .near_func.text    ro code  0x009c40   0x4b3  float.o [4]
  .near_func.text    ro code  0x00a0f3   0x45d  xprintffull_nomb.o [4]
  .near_func.text    ro code  0x00a550   0x412  xprintffull_nomb.o [4]
  .near_func.text    ro code  0x00a962   0x383  xprintffull_nomb.o [4]
  .near_func.text    ro code  0x00ace5   0x1fd  W25Q64.o [1]
  .near_func.text    ro code  0x00aee2   0x1f9  long.o [4]
  .near_func.text    ro code  0x00b0db   0x1d3  W25Q64.o [1]
  .near_func.text    ro code  0x00b2ae   0x176  xprintffull_nomb.o [4]
  .near_func.text    ro code  0x00b424   0x166  main.o [1]
  .near_func.text    ro code  0x00b58a   0x161  float_libsup.o [4]
  .near_func.text    ro code  0x00b6eb   0x13a  vreg_util.o [4]
  .near_func.text    ro code  0x00b825    0xee  main.o [1]
  .near_func.text    ro code  0x00b913    0xee  OLED12864.o [1]
  .near_func.text    ro code  0x00ba01    0xda  DS18B20.o [1]
  .near_func.text    ro code  0x00badb    0x94  DS18B20.o [1]
  .near_func.text    ro code  0x00bb6f    0x82  long_util.o [4]
  .near_func.text    ro code  0x00bbf1    0x79  iic.o [1]
  .near_func.text    ro code  0x00bc6a    0x6b  DS18B20.o [1]
  .near_func.text    ro code  0x00bcd5    0x49  W25Q64.o [1]
  .near_func.text    ro code  0x00bd1e    0x47  short.o [4]
  .near_func.text    ro code  0x00bd65    0x45  W25Q64.o [1]
  .near_func.text    ro code  0x00bdaa    0x43  xprintffull_nomb.o [4]
  .near_func.text    ro code  0x00bded    0x41  xprintffull_nomb.o [4]
  .near_func.text    const    0x00be2e    0x3c  xprintffull_nomb.o [4]
  .near_func.text    ro code  0x00be6a    0x3b  iic.o [1]
  .near_func.text    ro code  0x00bea5    0x3b  main.o [1]
  .near.rodata       const    0x00bee0    0x38  W25Q64.o [1]
  .near.rodata       const    0x00bf18    0x38  W25Q64.o [1]
  .near_func.text    ro code  0x00bf50    0x37  xprintffull_nomb.o [4]
  .near_func.text    ro code  0x00bf87    0x35  W25Q64.o [1]
  .near_func.text    ro code  0x00bfbc    0x33  xprintffull_nomb.o [4]
  .near_func.text    ro code  0x00bfef    0x30  main.o [1]
  .near_func.text    ro code  0x00c01f    0x30  div.o [4]
  .near_func.text    ro code  0x00c04f    0x2f  xprintffull_nomb.o [4]
  .near.rodata       const    0x00c07e    0x2d  W25Q64.o [1]
  .near.rodata       const    0x00c0ab    0x2d  W25Q64.o [1]
  .near.rodata       const    0x00c0d8    0x2b  W25Q64.o [1]
  .near_func.text    ro code  0x00c103    0x28  init_small.o [4]
  .near.rodata       const    0x00c12b    0x25  W25Q64.o [1]
  .near.rodata       const    0x00c150    0x25  W25Q64.o [1]
  .near_func.text    ro code  0x00c175    0x24  iic.o [1]
  .near_func.text    ro code  0x00c199    0x24  iic.o [1]
  .near_func.text    ro code  0x00c1bd    0x21  memchr.o [4]
  .iar.init_table    const    0x00c1de     0xa  - Linker created -
  .near_func.text    ro code  0x00c1e8    0x1f  dc_util.o [4]
  .near_func.text    ro code  0x00c207    0x1f  memcpy.o [4]
  .near_func.text    ro code  0x00c226    0x1e  OLED12864.o [1]
  .near_func.text    ro code  0x00c244    0x1d  DS18B20.o [1]
  .near_func.text    ro code  0x00c261    0x1d  iic.o [1]
  .near_func.text    ro code  0x00c27e    0x1d  OLED12864.o [1]
  .near_func.text    ro code  0x00c29b    0x1d  stm_init.o [1]
  .near_func.text    ro code  0x00c2b8    0x1d  printf.o [4]
  .near.rodata       const    0x00c2d5    0x1c  iic.o [1]
  .near_func.text    ro code  0x00c2f1    0x1b  xprout.o [4]
  .near.rodata       const    0x00c30c    0x1a  main.o [1]
  .near.rodata       const    0x00c326    0x1a  main.o [1]
  .near_func.text    ro code  0x00c340    0x1a  uart1.o [1]
  .near.rodata       const    0x00c35a    0x19  iic.o [1]
  .near_func.text    ro code  0x00c373    0x19  uart1.o [1]
  .near.rodata       const    0x00c38c    0x16  iic.o [1]
  .near.rodata       const    0x00c3a2    0x15  main.o [1]
  .near_func.text    ro code  0x00c3b7    0x15  uart1.o [1]
  .near_func.text    ro code  0x00c3cc    0x15  strchr.o [4]
  .near_func.text    ro code  0x00c3e1    0x14  init.o [4]
  .near_func.text    ro code  0x00c3f5    0x14  xprintffull_nomb.o [4]
  .near_func.text    ro code  0x00c409    0x14  __dbg_xxexit.o [3]
  .near.rodata       const    0x00c41d    0x13  main.o [1]
  .near.rodata       const    0x00c430    0x13  main.o [1]
  .near.rodata       const    0x00c443    0x13  OLED12864.o [1]
  .near_func.text    ro code  0x00c456    0x13  cstartup.o [4]
  .near.rodata       const    0x00c469    0x12  main.o [1]
  .near.rodata       const    0x00c47b    0x11  DS18B20.o [1]
  .near_func.text    ro code  0x00c48c    0x11  TIM4.o [1]
  .near_func.text    ro code  0x00c49d    0x11  W25Q64.o [1]
  .near_func.text    ro code  0x00c4ae    0x11  W25Q64.o [1]
  .near_func.text    ro code  0x00c4bf     0xe  W25Q64.o [1]
  .near_func.text    ro code  0x00c4cd     0xd  iic.o [1]
  .near_func.text    ro code  0x00c4da     0xd  strlen.o [4]
  .near_func.text    ro code  0x00c4e7     0xd  move.o [4]
  .near.rodata       const    0x00c4f4     0xc  main.o [1]
  .near_func.text    ro code  0x00c500     0xc  xprintffull_nomb.o [4]
  .near_func.text    ro code  0x00c50c     0xc  switch.o [4]
  .near_func.text    ro code  0x00c518     0xb  xprintffull_nomb.o [4]
  .near_func.text    ro code  0x00c523     0xb  xprintffull_nomb.o [4]
  .near_func.text    ro code  0x00c52e     0xb  xprintffull_nomb.o [4]
  .near_func.text    ro code  0x00c539     0xa  xprintffull_nomb.o [4]
  .near_func.text    ro code  0x00c543     0x9  stm_init.o [1]
  .near_func.text    ro code  0x00c54c     0x9  xprintffull_nomb.o [4]
  .near_func.text    ro code  0x00c555     0x9  xprintffull_nomb.o [4]
  .near_func.text    ro code  0x00c55e     0x9  xprintffull_nomb.o [4]
  .near.rodata       const    0x00c567     0x8  OLED12864.o [1]
  .near_func.text    ro code  0x00c56f     0x8  xprintffull_nomb.o [4]
  .near_func.text    ro code  0x00c577     0x8  xprintffull_nomb.o [4]
  .near_func.text    ro code  0x00c57f     0x8  xprintffull_nomb.o [4]
  .near_func.text    ro code  0x00c587     0x8  xprintffull_nomb.o [4]
  .near.rodata       const    0x00c58f     0x7  xprintffull_nomb.o [4]
  .near_func.text    ro code  0x00c596     0x7  xprintffull_nomb.o [4]
  .near_func.text    ro code  0x00c59d     0x7  xprintffull_nomb.o [4]
  .near.rodata       const    0x00c5a4     0x6  W25Q64.o [1]
  .near_func.text    ro code  0x00c5aa     0x6  xprintffull_nomb.o [4]
  .near_func.text    ro code  0x00c5b0     0x6  xprintffull_nomb.o [4]
  .near_func.text    ro code  0x00c5b6     0x6  xprintffull_nomb.o [4]
  .near_func.text    ro code  0x00c5bc     0x6  xprintffull_nomb.o [4]
  .near_func.text    ro code  0x00c5c2     0x6  xprintffull_nomb.o [4]
  .near_func.text    ro code  0x00c5c8     0x5  xprintffull_nomb.o [4]
  .near_func.text    ro code  0x00c5cd     0x5  cexit.o [4]
  .near.rodata       const    0x00c5d2     0x4  xprintffull_nomb.o [4]
  .near.rodata       const    0x00c5d6     0x4  xprintffull_nomb.o [4]
  .near.rodata       const    0x00c5da     0x4  xprintffull_nomb.o [4]
  .near.rodata       const    0x00c5de     0x4  xprintffull_nomb.o [4]
  .near.rodata       const    0x00c5e2     0x3  main.o [1]
  .near_func.text    ro code  0x00c5e5     0x3  interrupt.o [4]
  .near_func.text    ro code  0x00c5e8     0x3  low_level_init.o [4]
  .near_func.text    ro code  0x00c5eb     0x3  exit.o [4]
  .near_func.text    ro code  0x00c5ee     0x3  unhandled_exception.o [4]
  .near.rodata       const    0x00c5f1     0x2  OLED12864.o [1]
  .near.rodata       const    0x00c5f3     0x2  OLED12864.o [1]
  .near.rodata       const    0x00c5f5     0x2  xprintffull_nomb.o [4]
  .near_func.text    ro code  0x00c5f7     0x1  __dbg_break.o [3]
                            - 0x00c5f8  0x4578


*******************************************************************************
*** INIT TABLE
***

          Address   Size
          -------   ----
Copy (__iar_copy_init2)
    1 source range, total size 0x122f:
          0x008080  0x122f
    1 destination range, total size 0x122f:
          0x000010  0x122f



*******************************************************************************
*** MODULE SUMMARY
***

    Module                 ro code  ro data  rw data  rw data
                                                       (abs)
    ------                 -------  -------  -------  -------
C:\Users\16282\Desktop\STM8_DEMO\STM8_DS18B20_001\Debug\Obj: [1]
    DS18B20.o                  502       24        7        5
    OLED12864.o              2 746       31
    TIM4.o                      17                          4
    W25Q64.o                 1 219      360       35       12
    iic.o                      294       75                 1
    main.o                     703    4 757    4 613        2
    stm_init.o                  38
    uart1.o                     72                          7
    ---------------------------------------------------------
    Total:                   5 591    5 247    4 655       31

command line: [2]
    ---------------------------------------------------------
    Total:

dbgstm8smd.a: [3]
    __dbg_break.o                1
    __dbg_xxexit.o              20
    ---------------------------------------------------------
    Total:                      21

dlstm8smn.a: [4]
    cexit.o                      5
    cstartup.o                  19
    dc_util.o                   31
    div.o                       48
    exit.o                       3
    float.o                  1 203
    float_libsup.o             353
    init.o                      20
    init_small.o                40
    interrupt.o                  3      128
    long.o                     505
    long_util.o                130
    low_level_init.o             3
    memchr.o                    33
    memcpy.o                    31
    move.o                      13
    printf.o                    29
    short.o                     71
    strchr.o                    21
    strlen.o                    13
    switch.o                    12
    unhandled_exception.o        3
    vreg_util.o                314
    vregs.o                                       16
    xprintffull_nomb.o       3 900       85
    xprout.o                    27
    ---------------------------------------------------------
    Total:                   6 830      213       16

    Linker created                       10      256
-------------------------------------------------------------
    Grand Total:            12 442    5 470    4 927       31


*******************************************************************************
*** ENTRY LIST
***

Entry                    Address   Size  Type      Object
-----                    -------   ----  ----      ------
.iar.init_table$$Base   0x00c1de          --   Gb  - Linker created -
.iar.init_table$$Limit  0x00c1e8          --   Gb  - Linker created -
?add32_l0_l0_0x         0x00aefa         Code  Gb  long.o [4]
?add32_l0_l0_dl         0x00aef2         Code  Gb  long.o [4]
?add32_l0_l0_l1         0x00aef7         Code  Gb  long.o [4]
?and32_l0_l0_0x         0x00b096         Code  Gb  long.o [4]
?and32_l0_l0_l1         0x00b093         Code  Gb  long.o [4]
?b0                     0x000000         Data  Gb  vregs.o [4]
?b1                     0x000001         Data  Gb  vregs.o [4]
?b10                    0x00000a         Data  Gb  vregs.o [4]
?b11                    0x00000b         Data  Gb  vregs.o [4]
?b12                    0x00000c         Data  Gb  vregs.o [4]
?b13                    0x00000d         Data  Gb  vregs.o [4]
?b14                    0x00000e         Data  Gb  vregs.o [4]
?b15                    0x00000f         Data  Gb  vregs.o [4]
?b2                     0x000002         Data  Gb  vregs.o [4]
?b3                     0x000003         Data  Gb  vregs.o [4]
?b4                     0x000004         Data  Gb  vregs.o [4]
?b5                     0x000005         Data  Gb  vregs.o [4]
?b6                     0x000006         Data  Gb  vregs.o [4]
?b7                     0x000007         Data  Gb  vregs.o [4]
?b8                     0x000008         Data  Gb  vregs.o [4]
?b9                     0x000009         Data  Gb  vregs.o [4]
?dc32_l1                0x00c1ef         Code  Gb  dc_util.o [4]
?dc32_px                0x00c1fc         Code  Gb  dc_util.o [4]
?dc8_px                 0x00c1e8         Code  Gb  dc_util.o [4]
?e0                     0x000001         Data  Gb  vregs.o [4]
?e1                     0x000005         Data  Gb  vregs.o [4]
?e2                     0x000009         Data  Gb  vregs.o [4]
?e3                     0x00000d         Data  Gb  vregs.o [4]
?epilogue_l2            0x00b784         Code  Gb  vreg_util.o [4]
?epilogue_l2_l3         0x00b781         Code  Gb  vreg_util.o [4]
?epilogue_w4            0x00b788         Code  Gb  vreg_util.o [4]
?fadd32_l0_l0_l1        0x009c63         Code  Gb  float.o [4]
?fcastf32s32_l0_l0      0x009fae         Code  Gb  float.o [4]
?fcastf32u16_l0_x       0x009ee3         Code  Gb  float.o [4]
?fcastf32u32_l0_l0      0x009fb9         Code  Gb  float.o [4]
?fcasts16f32_x_l0       0x009f01         Code  Gb  float.o [4]
?fcasts32f32_l0_l0      0x009f4d         Code  Gb  float.o [4]
?fcastu32f32_l0_l0      0x009f36         Code  Gb  float.o [4]
?fcmpge32_c_l0_0x       0x009e84         Code  Gb  float.o [4]
?fcmpge32_c_l0_dc32     0x009e7f         Code  Gb  float.o [4]
?fcmplt32_c_l0_0x       0x009e8d         Code  Gb  float.o [4]
?fcmplt32_c_l0_dc32     0x009e88         Code  Gb  float.o [4]
?fdiv32_l0_l0_l1        0x009dd1         Code  Gb  float.o [4]
?fmul32_l0_l0_dc32      0x009d31         Code  Gb  float.o [4]
?fmul32_l0_l0_l1        0x009d36         Code  Gb  float.o [4]
?fsub32_l0_l0_l1        0x009c5d         Code  Gb  float.o [4]
?l0                     0x000000         Data  Gb  vregs.o [4]
?l1                     0x000004         Data  Gb  vregs.o [4]
?l2                     0x000008         Data  Gb  vregs.o [4]
?l3                     0x00000c         Data  Gb  vregs.o [4]
?load32_0x_l0           0x00bbc4         Code  Gb  long_util.o [4]
?load32_0x_l2           0x00bbe3         Code  Gb  long_util.o [4]
?load32_asp_l0          0x00bbb8         Code  Gb  long_util.o [4]
?load32_asp_l2          0x00bbd7         Code  Gb  long_util.o [4]
?load32_dbsp_l0         0x00bbb3         Code  Gb  long_util.o [4]
?load32_dbsp_l2         0x00bbd2         Code  Gb  long_util.o [4]
?load32_l0_0x           0x00bb7f         Code  Gb  long_util.o [4]
?load32_l0_asp          0x00bb74         Code  Gb  long_util.o [4]
?load32_l0_dbsp         0x00bb6f         Code  Gb  long_util.o [4]
?load32_l0_xsp          0x00bb76         Code  Gb  long_util.o [4]
?load32_l1_0x           0x00bb8b         Code  Gb  long_util.o [4]
?load32_l2_0x           0x00bba7         Code  Gb  long_util.o [4]
?load32_l2_asp          0x00bb9c         Code  Gb  long_util.o [4]
?load32_l2_dbsp         0x00bb97         Code  Gb  long_util.o [4]
?load32_l2_xsp          0x00bb9e         Code  Gb  long_util.o [4]
?load32_xsp_l0          0x00bbba         Code  Gb  long_util.o [4]
?load32_xsp_l2          0x00bbd9         Code  Gb  long_util.o [4]
?mov_e0_e1              0x00b7c0         Code  Gb  vreg_util.o [4]
?mov_e0_e2              0x00b7cd         Code  Gb  vreg_util.o [4]
?mov_e0_e3              0x00b7da         Code  Gb  vreg_util.o [4]
?mov_e1_e0              0x00b7e7         Code  Gb  vreg_util.o [4]
?mov_e1_e2              0x00b7f4         Code  Gb  vreg_util.o [4]
?mov_e2_e0              0x00b801         Code  Gb  vreg_util.o [4]
?mov_e3_e0              0x00b80e         Code  Gb  vreg_util.o [4]
?mov_e3_e1              0x00b81b         Code  Gb  vreg_util.o [4]
?mov_l0_l1              0x00b7bd         Code  Gb  vreg_util.o [4]
?mov_l0_l2              0x00b7ca         Code  Gb  vreg_util.o [4]
?mov_l0_l3              0x00b7d7         Code  Gb  vreg_util.o [4]
?mov_l1_l0              0x00b7e4         Code  Gb  vreg_util.o [4]
?mov_l1_l2              0x00b7f1         Code  Gb  vreg_util.o [4]
?mov_l2_l0              0x00b7fe         Code  Gb  vreg_util.o [4]
?mov_l3_l0              0x00b80b         Code  Gb  vreg_util.o [4]
?mov_l3_l1              0x00b818         Code  Gb  vreg_util.o [4]
?mov_w0_w5              0x00b78c         Code  Gb  vreg_util.o [4]
?mov_w1_w3              0x00b7c3         Code  Gb  vreg_util.o [4]
?mov_w1_w4              0x00b793         Code  Gb  vreg_util.o [4]
?mov_w1_w5              0x00b7d0         Code  Gb  vreg_util.o [4]
?mov_w1_w7              0x00b7dd         Code  Gb  vreg_util.o [4]
?mov_w2_w0              0x00b79a         Code  Gb  vreg_util.o [4]
?mov_w2_w1              0x00b7a1         Code  Gb  vreg_util.o [4]
?mov_w3_w1              0x00b7ea         Code  Gb  vreg_util.o [4]
?mov_w3_w5              0x00b7f7         Code  Gb  vreg_util.o [4]
?mov_w4_w0              0x00b7a8         Code  Gb  vreg_util.o [4]
?mov_w4_w1              0x00b7af         Code  Gb  vreg_util.o [4]
?mov_w5_w0              0x00b7b6         Code  Gb  vreg_util.o [4]
?mov_w5_w1              0x00b804         Code  Gb  vreg_util.o [4]
?mov_w7_w1              0x00b811         Code  Gb  vreg_util.o [4]
?mov_w7_w3              0x00b81e         Code  Gb  vreg_util.o [4]
?move1616_v_x_y_a       0x00c4e7         Code  Gb  move.o [4]
?mul16_x_x_w0           0x00bd1e         Code  Gb  short.o [4]
?mul32_l0_l0_0x         0x00af32         Code  Gb  long.o [4]
?mul32_l0_l0_dl         0x00af2f         Code  Gb  long.o [4]
?mul32_l0_l0_l1         0x00af3b         Code  Gb  long.o [4]
?neg32_l0_l0            0x00aee2         Code  Gb  long.o [4]
?pop_l0                 0x00b74d         Code  Gb  vreg_util.o [4]
?pop_l1                 0x00b758         Code  Gb  vreg_util.o [4]
?pop_l2                 0x00b763         Code  Gb  vreg_util.o [4]
?pop_l3                 0x00b76e         Code  Gb  vreg_util.o [4]
?pop_w4                 0x00b70d         Code  Gb  vreg_util.o [4]
?push_l0                0x00b71c         Code  Gb  vreg_util.o [4]
?push_l1                0x00b721         Code  Gb  vreg_util.o [4]
?push_l2                0x00b726         Code  Gb  vreg_util.o [4]
?push_l3                0x00b72b         Code  Gb  vreg_util.o [4]
?push_w0                0x00b6eb         Code  Gb  vreg_util.o [4]
?push_w1                0x00b6f0         Code  Gb  vreg_util.o [4]
?push_w4                0x00b6f5         Code  Gb  vreg_util.o [4]
?scmp32_c_l0_l1         0x00b07c         Code  Gb  long.o [4]
?sdiv16_x_x_y           0x00bd3c         Code  Gb  short.o [4]
?sdiv32_l0_l0_dl        0x00b033         Code  Gb  long.o [4]
?sdiv32_l0_l0_l1        0x00b036         Code  Gb  long.o [4]
?sext32_l0_a            0x00b0ce         Code  Gb  long.o [4]
?sext32_l0_x            0x00b0c3         Code  Gb  long.o [4]
?smod16_y_x_y           0x00bd55         Code  Gb  short.o [4]
?smod32_l1_l0_dl        0x00b02e         Code  Gb  long.o [4]
?smod32_l1_l0_l1        0x00b036         Code  Gb  long.o [4]
?sra32_0x_0x_a          0x00b0b5         Code  Gb  long.o [4]
?sra32_l0_l0_a          0x00b0b2         Code  Gb  long.o [4]
?sra32_l0_l0_db         0x00b0ae         Code  Gb  long.o [4]
?sub32_l0_l0_0x         0x00af17         Code  Gb  long.o [4]
?sub32_l0_l0_dl         0x00af12         Code  Gb  long.o [4]
?switch8vlt_0x_a_0x     0x00c50c         Code  Gb  switch.o [4]
?udiv32_l0_l0_dl        0x00afbe         Code  Gb  long.o [4]
?udiv32_l0_l0_l1        0x00afc1         Code  Gb  long.o [4]
?umod32_l1_l0_dl        0x00afb9         Code  Gb  long.o [4]
?umod32_l1_l0_l1        0x00afc1         Code  Gb  long.o [4]
?w0                     0x000000         Data  Gb  vregs.o [4]
?w1                     0x000002         Data  Gb  vregs.o [4]
?w2                     0x000004         Data  Gb  vregs.o [4]
?w3                     0x000006         Data  Gb  vregs.o [4]
?w4                     0x000008         Data  Gb  vregs.o [4]
?w5                     0x00000a         Data  Gb  vregs.o [4]
?w6                     0x00000c         Data  Gb  vregs.o [4]
?w7                     0x00000e         Data  Gb  vregs.o [4]
CSTACK$$Base            0x001700          --   Gb  - Linker created -
CSTACK$$Limit           0x001800          --   Gb  - Linker created -
DS18B20_IO              0x00c244   0x1d  Code  Gb  DS18B20.o [1]
DS18B20_RBit            0x00ba51   0x4f  Code  Gb  DS18B20.o [1]
DS18B20_RByte           0x00baa0   0x28  Code  Gb  DS18B20.o [1]
DS18B20_ReadTemp        0x00badb   0x94  Code  Gb  DS18B20.o [1]
DS18B20_ReadTempRequest
                        0x00bac8   0x13  Code  Gb  DS18B20.o [1]
DS18B20_Wbyte           0x00ba01   0x50  Code  Gb  DS18B20.o [1]
DS18B20_reset           0x00bc6a   0x6b  Code  Gb  DS18B20.o [1]
F16x16                  0x000828  0x2e0  Data  Gb  main.o [1]
F16x32                  0x000b08  0x480  Data  Gb  main.o [1]
F32x32                  0x000f88  0x280  Data  Gb  main.o [1]
F6x8                    0x000010  0x228  Data  Gb  main.o [1]
F8X16                   0x000238  0x5f0  Data  Gb  main.o [1]
FLASH_Read_One_Process  0x00bd65   0x45  Code  Gb  W25Q64.o [1]
FLASH_Read_TMP          0x00bcd5   0x49  Code  Gb  W25Q64.o [1]
FLASH_Tx_Buffer         0x001208   0x12  Data  Gb  W25Q64.o [1]
FLASH_Write_TMP         0x00b0db  0x1d3  Code  Gb  W25Q64.o [1]
I2C_FindSlaver          0x00be6a   0x3b  Code  Gb  iic.o [1]
I2C_SDA_DDR             0x00c261   0x1d  Code  Gb  iic.o [1]
I2C_Start               0x00c175   0x24  Code  Gb  iic.o [1]
I2C_Stop                0x00c199   0x24  Code  Gb  iic.o [1]
I2C_WBit                0x00bbf1   0x79  Code  Gb  iic.o [1]
I2C_init                0x00c4cd    0xd  Code  Gb  iic.o [1]
INTVEC$$Base            0x008000          --   Gb  - Linker created -
INTVEC$$Limit           0x008080          --   Gb  - Linker created -
LoadInt                 0x00bded   0x41  Code  Lc  xprintffull_nomb.o [4]
OLED_CLS                0x00b936   0x32  Code  Gb  OLED12864.o [1]
OLED_ChangeBLESatus     0x009ba2   0x17  Code  Gb  OLED12864.o [1]
OLED_ChangeDate         0x00961b   0xd1  Code  Gb  OLED12864.o [1]
OLED_ChangePowerSatus   0x009a6a   0x69  Code  Gb  OLED12864.o [1]
OLED_ChangeRECNum       0x0096ec  0x2d5  Code  Gb  OLED12864.o [1]
OLED_ChangeRECSatus     0x009c29   0x17  Code  Gb  OLED12864.o [1]
OLED_ChangeRightSatus   0x009bb9   0x17  Code  Gb  OLED12864.o [1]
OLED_ChangeTemp         0x0099c1   0xa9  Code  Gb  OLED12864.o [1]
OLED_ChangeTime         0x009b45   0x5d  Code  Gb  OLED12864.o [1]
OLED_Display            0x009bd0   0x59  Code  Gb  OLED12864.o [1]
OLED_P16x16Ch           0x0093c4   0x68  Code  Gb  OLED12864.o [1]
OLED_P16x32Ch           0x00942c   0xb4  Code  Gb  OLED12864.o [1]
OLED_P32x32Ch           0x0094e0   0xb4  Code  Gb  OLED12864.o [1]
OLED_P6x8Str            0x0092af   0x72  Code  Gb  OLED12864.o [1]
OLED_P8x16Str           0x009321   0xa3  Code  Gb  OLED12864.o [1]
OLED_SetPos             0x00b913   0x23  Code  Gb  OLED12864.o [1]
OLED_Wcmd               0x00c27e   0x1d  Code  Gb  OLED12864.o [1]
OLED_Wdata              0x00c226   0x1e  Code  Gb  OLED12864.o [1]
OLED_Welcome            0x009594   0x4c  Code  Gb  OLED12864.o [1]
OLED_init               0x00b968   0x99  Code  Gb  OLED12864.o [1]
Region$$Table$$Base     0x00c1de          --   Gb  - Linker created -
Region$$Table$$Limit    0x00c1e8          --   Gb  - Linker created -
Rx_Buffer               0x00122e   0x11  Data  Gb  W25Q64.o [1]
SPI_CONFIG              0x00c49d   0x11  Code  Gb  W25Q64.o [1]
SPI_DR                  0x005204    0x1  Data  Gb  W25Q64.o [1]
SPI_FLASH_BufferRead    0x00ae8f   0x40  Code  Gb  W25Q64.o [1]
SPI_FLASH_BufferWrite   0x00ad47  0x148  Code  Gb  W25Q64.o [1]
SPI_FLASH_ChipErase     0x00aecf   0x13  Code  Gb  W25Q64.o [1]
SPI_FLASH_GPIO_Init     0x00bf87   0x35  Code  Gb  W25Q64.o [1]
SPI_FLASH_PageWrite     0x00ad04   0x43  Code  Gb  W25Q64.o [1]
SPI_FLASH_WaitForWriteEnd
                        0x00ace5   0x1f  Code  Gb  W25Q64.o [1]
SPI_FLASH_WriteEnable   0x00c4bf    0xe  Code  Gb  W25Q64.o [1]
SPI_SendByte            0x00c4ae   0x11  Code  Gb  W25Q64.o [1]
TIM4_ARR                0x005346    0x1  Data  Gb  TIM4.o [1]
TIM4_CNTR               0x005344    0x1  Data  Gb  TIM4.o [1]
TIM4_UPD_OVF_IRQHandler
                        0x00b825   0xee  Code  Gb  main.o [1]
TIM4_init               0x00c48c   0x11  Code  Gb  TIM4.o [1]
UART1_BRR1              0x005232    0x1  Data  Gb  uart1.o [1]
UART1_BRR2              0x005233    0x1  Data  Gb  uart1.o [1]
UART1_DR                0x005231    0x1  Data  Gb  uart1.o [1]
UART1_RX_IRQHandler     0x00b424  0x166  Code  Gb  main.o [1]
UART1_SendString        0x00c373   0x19  Code  Gb  uart1.o [1]
Welcome_Msg             0x00bfef   0x30  Code  Gb  main.o [1]
_A_CLK_CKDIVR           0x0050c6    0x1  Data  Gb  main.o [1]
_A_PC_CR1               0x00500d    0x1  Data  Gb  W25Q64.o [1]
_A_PC_CR2               0x00500e    0x1  Data  Gb  W25Q64.o [1]
_A_PC_DDR               0x00500c    0x1  Data  Gb  W25Q64.o [1]
_A_PE_CR1               0x005017    0x1  Data  Gb  W25Q64.o [1]
_A_PE_CR2               0x005018    0x1  Data  Gb  W25Q64.o [1]
_A_PE_DDR               0x005016    0x1  Data  Gb  W25Q64.o [1]
_A_PE_IDR               0x005015    0x1  Data  Gb  iic.o [1]
_A_PE_ODR               0x005014    0x1  Data  Gb  W25Q64.o [1]
_A_PI_CR1               0x00502b    0x1  Data  Gb  DS18B20.o [1]
_A_PI_CR2               0x00502c    0x1  Data  Gb  DS18B20.o [1]
_A_PI_DDR               0x00502a    0x1  Data  Gb  DS18B20.o [1]
_A_PI_IDR               0x005029    0x1  Data  Gb  DS18B20.o [1]
_A_PI_ODR               0x005028    0x1  Data  Gb  DS18B20.o [1]
_A_SPI_CR1              0x005200    0x1  Data  Gb  W25Q64.o [1]
_A_SPI_CR2              0x005201    0x1  Data  Gb  W25Q64.o [1]
_A_SPI_ICR              0x005202    0x1  Data  Gb  W25Q64.o [1]
_A_SPI_SR               0x005203    0x1  Data  Gb  W25Q64.o [1]
_A_TIM4_CR1             0x005340    0x1  Data  Gb  main.o [1]
_A_TIM4_IER             0x005341    0x1  Data  Gb  TIM4.o [1]
_A_TIM4_PSCR            0x005345    0x1  Data  Gb  TIM4.o [1]
_A_UART1_CR1            0x005234    0x1  Data  Gb  uart1.o [1]
_A_UART1_CR2            0x005235    0x1  Data  Gb  uart1.o [1]
_A_UART1_CR3            0x005236    0x1  Data  Gb  uart1.o [1]
_A_UART1_SR             0x005230    0x1  Data  Gb  uart1.o [1]
_GenldFullNoMb          0x00a962  0x383  Code  Lc  xprintffull_nomb.o [4]
_LdtobFullNoMb          0x00a550  0x412  Code  Lc  xprintffull_nomb.o [4]
_LitobFullNoMb          0x00b2ae  0x176  Code  Lc  xprintffull_nomb.o [4]
_PrintfFullNoMb         0x00a0f3  0x45d  Code  Gb  xprintffull_nomb.o [4]
_Prout                  0x00c2f1   0x1b  Code  Gb  xprout.o [4]
_PutcharFullNoMb        0x00c04f   0x2f  Code  Lc  xprintffull_nomb.o [4]
_PutcharsFullNoMb       0x00bfbc   0x33  Code  Lc  xprintffull_nomb.o [4]
__DebugBreak            0x00c5f7    0x1  Code  Gb  __dbg_break.o [3]
__exit                  0x00c409   0x14  Code  Gb  __dbg_xxexit.o [3]
__iar_Dnorm             0x00b58a         Code  Gb  float_libsup.o [4]
__iar_Dscale            0x00b618         Code  Gb  float_libsup.o [4]
__iar_Dunscale          0x00b5c6         Code  Gb  float_libsup.o [4]
__iar_Memchr            0x00c1bd   0x21  Code  Gb  memchr.o [4]
__iar_Strchr            0x00c3cc   0x15  Code  Gb  strchr.o [4]
__iar_copy_init2        0x00c103         Code  Gb  init_small.o [4]
__iar_data_init2        0x00c3e1   0x14  Code  Gb  init.o [4]
__iar_program_start     0x00c456         Code  Gb  cstartup.o [4]
__iar_unhandled_exception
                        0x00c5ee         Code  Gb  unhandled_exception.o [4]
__intvec                0x008000         Data  Gb  interrupt.o [4]
__low_level_init        0x00c5e8    0x3  Code  Gb  low_level_init.o [4]
_exit                   0x00c5cd         Code  Gb  cexit.o [4]
_interrupt_20           0x00b424         Code  Gb  main.o [1]
_interrupt_25           0x00b825         Code  Gb  main.o [1]
delay                   0x00c543    0x9  Code  Gb  stm_init.o [1]
delayms                 0x00c29b   0x1d  Code  Gb  stm_init.o [1]
div                     0x00c01f   0x30  Code  Gb  div.o [4]
exit                    0x00c5eb    0x3  Code  Gb  exit.o [4]
give_to_stm8            0x001221    0x1  Data  Gb  main.o [1]
main                    0x00bea5   0x3b  Code  Gb  main.o [1]
memcpy                  0x00c207   0x1f  Code  Gb  memcpy.o [4]
offset_now              0x00122a    0x4  Data  Gb  main.o [1]
pad                     0x00bf50   0x37  Code  Lc  xprintffull_nomb.o [4]
printf                  0x00c2b8   0x1d  Code  Gb  printf.o [4]
putchar                 0x00c351    0x9  Code  Gb  uart1.o [1]
scale                   0x00bdaa   0x43  Code  Lc  xprintffull_nomb.o [4]
strlen                  0x00c4da    0xd  Code  Gb  strlen.o [4]
temp                    0x001222    0x4  Data  Gb  main.o [1]
temp_f                  0x00121c    0x4  Data  Lc  DS18B20.o [1]
temp_u16                0x00121a    0x2  Data  Lc  DS18B20.o [1]
tim4_ms_count           0x001226    0x2  Data  Gb  main.o [1]
tim4_sec_count          0x001228    0x2  Data  Gb  main.o [1]
uart1_init              0x00c3b7   0x15  Code  Gb  uart1.o [1]
uart1_sendByte          0x00c340   0x11  Code  Gb  uart1.o [1]
wflag                   0x001220    0x1  Data  Gb  DS18B20.o [1]
witeNum6X8              0x0095e0   0x3b  Code  Gb  OLED12864.o [1]
witeNum8X16             0x009ad3   0x72  Code  Gb  OLED12864.o [1]


[1] = C:\Users\16282\Desktop\STM8_DEMO\STM8_DS18B20_001\Debug\Obj
[2] = command line
[3] = dbgstm8smd.a
[4] = dlstm8smn.a

  12 442 bytes of readonly  code memory
   5 470 bytes of readonly  data memory
   4 927 bytes of readwrite data memory (+ 31 absolute)

Errors: none
Warnings: none
